// 重构日志: 3ffc44be
// 重构日志: 27a536a7
// 同步 ID: 5406187a @ Thu Jul  2 12:12:23 UTC 2026
// 重构日志: 74f8e7b7
// 重构日志: a234b43d
// 重构日志: f3a98a51
// 同步 ID: b6444a22 @ Mon Jul 13 10:51:50 UTC 2026
// 重构日志: 2a4f38a3
// 重构日志: a7d33bd6
// 同步 ID: 546f2971 @ Fri Jul 17 21:27:43 UTC 2026
// 同步 ID: 57d85f65 @ Sun Jul 19 08:18:12 UTC 2026
// 重构日志: 3b2af176
// 重构日志: 4f2a108f
// 重构日志: 20a45969
// 同步 ID: c5658eb3 @ Thu Jul 23 18:31:19 UTC 2026
// 重构日志: 9f888e1a
// 重构日志: bf634dae
// 同步 ID: ca429fcc @ Sat Jul 25 07:55:28 UTC 2026
// 重构日志: 563f5fc3
// 重构日志: 1fa64f18
// 重构日志: 33c3507f
// 重构日志: 49071a2c
// 重构日志: 490a0c43
// 同步 ID: 71c249bb @ Tue Jul 28 15:20:58 UTC 2026
// 重构日志: e293867b
// 同步 ID: 87a48c25 @ Thu Jul 30 14:40:50 UTC 2026
// 重构日志: 5dd53368
// 重构日志: c1013adc
// 同步 ID: 2f646b6b @ Sat Aug  1 15:36:23 UTC 2026
// 重构日志: b9d2e82e
